MFEK Sans Regular
MFEK Sans Medium
MFEK Sans SemiBold
MFEK Sans Bold
MFEK Sans ExtraBold
MFEK Sans Black
MFEK Sans SemiCondensed Regular
MFEK Sans SemiCondensed Medium
MFEK Sans SemiCondensed SemiBold
MFEK Sans SemiCondensed Bold
MFEK Sans SemiCondensed ExtraBold
MFEK Sans SemiCondensed Black
MFEK Sans Condensed Regular
MFEK Sans Condensed Medium
MFEK Sans Condensed SemiBold
MFEK Sans Condensed Bold
MFEK Sans Condensed ExtraBold
MFEK Sans Condensed Black
MFEK Sans ExtraCondensed Regular
MFEK Sans ExtraCondensed Medium
MFEK Sans ExtraCondensed SemiBold
MFEK Sans ExtraCondensed Bold
MFEK Sans ExtraCondensed ExtraBold
MFEK Sans ExtraCondensed Black
MFEK Sans UltraCondensed Regular
MFEK Sans UltraCondensed Medium
MFEK Sans UltraCondensed SemiBold
MFEK Sans UltraCondensed Bold
MFEK Sans UltraCondensed ExtraBold
MFEK Sans UltraCondensed Black
MFEK Sans Rounded Regular
MFEK Sans Rounded Medium
MFEK Sans Rounded SemiBold
MFEK Sans Rounded Bold
MFEK Sans Rounded ExtraBold
MFEK Sans Rounded Black
MFEK Sans Rounded SemiCondensed Regular
MFEK Sans Rounded SemiCondensed Medium
MFEK Sans Rounded SemiCondensed SemiBold
MFEK Sans Rounded SemiCondensed Bold
MFEK Sans Rounded SemiCondensed ExtraBold
MFEK Sans Rounded SemiCondensed Black
MFEK Sans Rounded Condensed Regular
MFEK Sans Rounded Condensed Medium
MFEK Sans Rounded Condensed SemiBold
MFEK Sans Rounded Condensed Bold
MFEK Sans Rounded Condensed ExtraBold
MFEK Sans Rounded Condensed Black
MFEK Sans Rounded ExtraCondensed Regular
MFEK Sans Rounded ExtraCondensed Medium
MFEK Sans Rounded ExtraCondensed SemiBold
MFEK Sans Rounded ExtraCondensed Bold
MFEK Sans Rounded ExtraCondensed ExtraBold
MFEK Sans Rounded ExtraCondensed Black
MFEK Sans Rounded UltraCondensed Regular
MFEK Sans Rounded UltraCondensed Medium
MFEK Sans Rounded UltraCondensed SemiBold
MFEK Sans Rounded UltraCondensed Bold
MFEK Sans Rounded UltraCondensed ExtraBold
MFEK Sans Rounded UltraCondensed Black
